
database table cardinalities:
warehouses = 50
districts = 10
customers = 3000
items = 100000
orders = 3000
stock = 100000
new-orders = 900

transaction mix:
new-order mix 0.45
payment mix 0.43
order-status mix 0.04
delivery mix 0.04
stock-level mix 0.04

transaction thresholds:
new-order threshold 0.45
payment threshold 0.88
order-status threshold 0.92
delivery threshold 0.96
stock-level threshold 1.00

delivery keying time 0 s
new_order keying time 0 s
order-status keying time 0 s
payment keying time 0 s
stock-level keying time 0 s

delivery thinking time 0 ms
new_order thinking time 0 ms
order-status thinking time 0 ms
payment thinking time 0 ms
stock-level thinking time 0 ms

w_id range 1 to 50

10 terminals per warehouse

900 second steady state duration

driver is starting to ramp up at time 1316765119
driver will ramp up in  49 seconds
will stop test at time 1316766068
seed: 3167957803
seed: 3168869943
seed: 3169236739
seed: 3169210322
seed: 3169830056
seed: 3169811805
seed: 3169380870
seed: 3169182439
seed: 3170401240
seed: 3170685049
seed: 3170584871
seed: 3170157656
seed: 3170589934
seed: 3170628773
seed: 3170528652
seed: 3219475030
seed: 3219555061
seed: 3220052911
seed: 3220074573
seed: 3219581190
seed: 3219481017
seed: 3220094149
seed: 3220002186
seed: 3220292185
seed: 3220470545
seed: 3220214780
seed: 3220433085
seed: 3220398474
seed: 3220364857
seed: 3220338419
seed: 2756595663
seed: 2755762943
seed: 2756064176
seed: 2756094059
seed: 2756649206
seed: 2756688321
seed: 2756187767
seed: 2755956561
seed: 2757347318
seed: 2757582040
seed: 2757424554
seed: 2757042343
seed: 2757417298
seed: 2757375516
seed: 2757463744
seed: 2757428881
seed: 2758114350
seed: 2758399231
seed: 2758569060
seed: 2758337799
seed: 2758221260
seed: 2758330534
seed: 2758738307
seed: 2758777275
seed: 2759258448
seed: 2759224866
seed: 2758928109
seed: 2759688087
seed: 2758841465
seed: 2759068997
seed: 2759047684
seed: 2890129674
seed: 2889906626
seed: 2890192506
seed: 2889961278
seed: 2890762232
seed: 2890800313
seed: 2890315165
seed: 2890343012
seed: 2891930391
seed: 2891920330
seed: 2891402960
seed: 2891237322
seed: 2891463832
seed: 2891814212
seed: 2891522586
seed: 2891627152
seed: 2892747534
seed: 2892647407
seed: 2892628157
seed: 2892667247
seed: 2892674152
seed: 2892573971
seed: 2892867002
seed: 2892509753
seed: 2893302519
seed: 2893530070
seed: 2894035085
seed: 2894008679
seed: 2893475346
seed: 2893440716
seed: 2893946309
seed: 2487384688
seed: 2487407443
seed: 2487445540
seed: 2487476433
seed: 2488015238
seed: 2487252548
seed: 2487537458
seed: 2487306213
seed: 2489138355
seed: 2488363951
seed: 2488721500
seed: 2488695095
seed: 2489291224
seed: 2489257644
seed: 2488747889
seed: 2488589366
seed: 2489955564
seed: 2490117520
seed: 2489883231
seed: 2489643350
seed: 2490043945
seed: 2490074880
seed: 2489991082
seed: 2489996376
seed: 2491034931
seed: 2491000316
seed: 2491224756
seed: 2490928035
seed: 2490646614
seed: 2490900295
seed: 2491398139
seed: 2537610412
seed: 2537862518
seed: 2537620011
seed: 2538445542
seed: 2537714588
seed: 2537744463
seed: 2537775369
seed: 2537814482
seed: 2538820875
seed: 2538655183
seed: 2538896024
seed: 2538607437
seed: 2539513868
seed: 2538692826
seed: 2539051403
seed: 2539025969
seed: 2540572425
seed: 2540603321
seed: 2540106434
seed: 2540006234
seed: 2540266457
seed: 2540566657
seed: 2540196169
seed: 2539964911
seed: 2541455019
seed: 2541428623
seed: 2541401147
seed: 2541366530
seed: 2541362161
seed: 2541383868
seed: 2541603200
seed: 2541307442
seed: 2525445865
seed: 2525992865
seed: 2525768806
seed: 2525013295
seed: 2525322749
seed: 2525088424
seed: 2525839750
seed: 2526142059
seed: 2526197514
seed: 2526162852
seed: 2526258298
seed: 2526231821
seed: 2526074324
seed: 2526298724
seed: 2526149440
seed: 2527925218
seed: 2527080223
seed: 2527373270
seed: 2527534178
seed: 2528097585
seed: 2528005620
seed: 2527517315
seed: 2527425392
seed: 2528766946
seed: 2528960694
seed: 2528672126
seed: 2528416862
seed: 2528644342
seed: 2528888286
seed: 2528858760
seed: 2528832292
seed: 2529846269
seed: 2530089117
seed: 2530144568
seed: 2529642917
seed: 2529674816
seed: 2530180465
seed: 2530208282
seed: 2530239225
seed: 2530540446
seed: 2530316410
seed: 2531068186
seed: 2530394510
seed: 2530369090
seed: 2530457348
seed: 2530422748
seed: 2531515064
seed: 2531488587
seed: 2531592216
seed: 2531360918
seed: 2532063524
seed: 2531316206
seed: 2531733122
seed: 2531764062
seed: 2533236716
seed: 2533274785
seed: 2532737977
seed: 2532710467
seed: 2532946147
seed: 2533173666
seed: 2532877907
seed: 2532589370
seed: 2517342174
seed: 2517306513
seed: 2517189977
seed: 2516966857
seed: 2517182674
seed: 2517475725
seed: 2517524024
seed: 2518070996
seed: 2518093673
seed: 2518647824
seed: 2518482132
seed: 2517652876
seed: 2518016557
seed: 2517727961
seed: 2518536700
seed: 2518765158
seed: 2518845279
seed: 2518818792
seed: 2518840503
seed: 2518871378
seed: 2518768129
seed: 2519069404
seed: 2518682522
seed: 2520547390
seed: 2519760666
seed: 2520029102
seed: 2520247418
seed: 2520737003
seed: 2520702372
seed: 2520140367
seed: 2520089371
seed: 2521373605
seed: 2521608286
seed: 2521311514
seed: 2521524219
seed: 2521562267
seed: 2521584942
seed: 2521353663
seed: 2522167950
seed: 2522452797
seed: 2522754016
seed: 2522783886
seed: 2522339648
seed: 2522329569
seed: 2522860756
seed: 2522826115
seed: 2522919456
seed: 2523146954
seed: 2522981270
seed: 2523740209
seed: 2523091138
seed: 2523122016
seed: 2523104817
seed: 2523012805
seed: 2524067274
seed: 2524095128
seed: 2524257137
seed: 2524033078
seed: 2524760296
seed: 2523939231
seed: 2524446300
seed: 2524419818
seed: 2576314294
seed: 2576278615
seed: 2575733544
seed: 2575698896
seed: 2575974480
seed: 2576013554
seed: 2576052605
seed: 2577133061
seed: 2577131183
seed: 2577170249
seed: 2576929793
seed: 2576698533
seed: 2577005454
seed: 2577223718
seed: 2577328332
seed: 2577817953
seed: 2577899042
seed: 2578446047
seed: 2578403168
seed: 2577450029
seed: 2577775896
seed: 2577405371
seed: 2578210993
seed: 2578512193
seed: 2578649578
seed: 2578681491
seed: 2578696002
seed: 2578604029
seed: 2578592912
seed: 2578820385
seed: 2578523628
seed: 2580329119
seed: 2579532184
seed: 2579760688
seed: 2580004547
seed: 2580535150
seed: 2580066264
seed: 2579833958
seed: 2581175576
seed: 2581214651
seed: 2581250667
seed: 2581289742
seed: 2581280318
seed: 2581311167
seed: 2581276521
seed: 2581118967
seed: 2581861466
seed: 2582219996
seed: 2582463931
seed: 2582565427
seed: 2582014702
seed: 2582110996
seed: 2582535710
seed: 2582525691
seed: 2583072684
seed: 2582971403
seed: 2582772972
seed: 2583450970
seed: 2582700607
seed: 2582870680
seed: 2582844243
seed: 2582808623
seed: 2567112439
seed: 2567085906
seed: 2567074873
seed: 2567040150
seed: 2567791943
seed: 2566979031
seed: 2567408294
seed: 2568487686
seed: 2568797155
seed: 2568572994
seed: 2568285977
seed: 2568579060
seed: 2568871005
seed: 2568647948
seed: 2568621459
seed: 2569771621
seed: 2569745149
seed: 2569841571
seed: 2569544636
seed: 2569386107
seed: 2569557813
seed: 2569916311
seed: 2569569348
seed: 2570525908
seed: 2570565047
seed: 2570986044
seed: 2571033316
seed: 2570138446
seed: 2570423260
seed: 2570059932
seed: 2570928056
seed: 2571146338
seed: 2571381955
seed: 2571347287
seed: 2571326005
seed: 2571291291
seed: 2571240289
seed: 2571475952
seed: 2573135991
seed: 2573166785
seed: 2572593100
seed: 2572631230
seed: 2573194601
seed: 2572963265
seed: 2572745383
seed: 2572489483
seed: 2573822940
seed: 2573918393
seed: 2573883648
seed: 2573988339
seed: 2573880564
seed: 2573976904
seed: 2573955617
seed: 2573789835
seed: 2574639891
seed: 2574810083
seed: 2575093828
seed: 2575255765
seed: 2574746018
seed: 2574655001
seed: 2575299885
seed: 2575199670
seed: 2558925408
seed: 2558915326
seed: 2558610362
seed: 2559361134
seed: 2558540069
seed: 2558759263
seed: 2558733844
seed: 2558699202
seed: 2559614443
seed: 2559904332
seed: 2559689515
seed: 2560514959
seed: 2560536640
seed: 2560043245
seed: 2560074104
seed: 2561161673
seed: 2561431218
seed: 2561265521
seed: 2560899685
seed: 2561266430
seed: 2561485687
seed: 2561318946
seed: 2561284281
seed: 2562437479
seed: 2562378223
seed: 2562541162
seed: 2562326169
seed: 2562037623
seed: 2562302521
seed: 2562472591
seed: 2562233100
seed: 2563181548
seed: 2563195003
seed: 2563692761
seed: 2563666360
seed: 2562846218
seed: 2563106445
seed: 2562817810
seed: 2563577286
seed: 2563801678
seed: 2564029233
seed: 2563789717
seed: 2564614266
seed: 2563858647
seed: 2564135342
seed: 2563896862
seed: 2565754615
seed: 2565785416
seed: 2565239397
seed: 2565335795
seed: 2565825354
seed: 2565666821
seed: 2565345507
seed: 2565179767
seed: 2566504944
seed: 2566741583
seed: 2566600487
seed: 2566631340
seed: 2566642293
seed: 2566550152
seed: 2566556530
seed: 2566456314
seed: 2550511701
seed: 2550780167
seed: 2550966757
seed: 2550670943
seed: 2550636411
seed: 2550609864
seed: 2551120627
seed: 2551094108
seed: 2551591876
seed: 2551556160
seed: 2551324929
seed: 2551363989
seed: 2551387676
seed: 2551418603
seed: 2551203757
seed: 2553076778
seed: 2552277737
seed: 2552570749
seed: 2552323025
seed: 2553098406
seed: 2553186585
seed: 2552627708
seed: 2552757881
seed: 2554287849
seed: 2554130252
seed: 2553832511
seed: 2553664252
seed: 2553826168
seed: 2554069974
seed: 2553845861
seed: 2554032420
seed: 2555111929
seed: 2555012690
seed: 2555051730
seed: 2554959795
