Linux 2.6.32-100.28.11.el6.x86_64 (caneland.se.oracle.com) 	09/23/2011 	_x86_64_	(24 CPU)

Device:         rrqm/s   wrqm/s     r/s     w/s   rsec/s   wsec/s avgrq-sz avgqu-sz   await  svctm  %util
cciss/c0d0        0.58     1.93    1.83    0.56   207.97    19.94    95.42     0.02    8.63   1.34   0.32
cciss/c0d1        1.50   157.80   26.19   86.62   945.35  3785.52    41.93     0.50    4.43   0.21   2.36
dm-0              0.00     0.00    0.93    1.25    18.74     9.98    13.22     0.02    8.02   0.58   0.13
dm-1              0.00     0.00    1.48    1.25   189.22     9.96    73.11     0.19   68.40   0.71   0.19

Device:         rrqm/s   wrqm/s     r/s     w/s   rsec/s   wsec/s avgrq-sz avgqu-sz   await  svctm  %util
cciss/c0d0        0.52     2.47    0.13    2.27     5.20    37.87    17.94     0.00    0.58   0.42   0.10
cciss/c0d1        0.00   207.10  885.72  217.08 27586.53 10673.60    34.69    11.06   10.02   0.91  99.97
dm-0              0.00     0.00    0.65    4.73     5.20    37.87     8.00     0.00    0.92   0.19   0.10
dm-1              0.00     0.00    0.00    0.00     0.00     0.00     0.00     0.00    0.00   0.00   0.00

Device:         rrqm/s   wrqm/s     r/s     w/s   rsec/s   wsec/s avgrq-sz avgqu-sz   await  svctm  %util
cciss/c0d0        3.43     1.32    1.32    0.83    75.87    17.20    43.29     0.01    3.96   2.47   0.53
cciss/c0d1        0.00   444.93  928.97  491.35 27713.20  8008.93    25.15    12.52    8.82   0.70  99.99
dm-0              0.00     0.00    4.75    2.15    75.87    17.20    13.49     0.04    5.16   0.77   0.53
dm-1              0.00     0.00    0.00    0.00     0.00     0.00     0.00     0.00    0.00   0.00   0.00

Device:         rrqm/s   wrqm/s     r/s     w/s   rsec/s   wsec/s avgrq-sz avgqu-sz   await  svctm  %util
cciss/c0d0        0.00     5.13    0.03    0.98     0.27    48.93    48.39     0.00    0.74   0.39   0.04
cciss/c0d1        0.00  1130.33  921.03 1288.70 23657.07 21347.47    20.37    10.57    4.78   0.45  99.88
dm-0              0.00     0.00    0.03    6.12     0.27    48.93     8.00     0.01    1.17   0.07   0.04
dm-1              0.00     0.00    0.00    0.00     0.00     0.00     0.00     0.00    0.00   0.00   0.00

Device:         rrqm/s   wrqm/s     r/s     w/s   rsec/s   wsec/s avgrq-sz avgqu-sz   await  svctm  %util
cciss/c0d0        0.45     1.32    0.62    0.97    67.33    18.27    54.06     0.00    1.26   0.61   0.10
cciss/c0d1        0.00  1695.22  908.42 1939.58 18842.13 33270.13    18.30     6.65    2.34   0.35  99.54
dm-0              0.00     0.00    1.08    2.28    67.33    18.27    25.43     0.01    1.74   0.29   0.10
dm-1              0.00     0.00    0.00    0.00     0.00     0.00     0.00     0.00    0.00   0.00   0.00

Device:         rrqm/s   wrqm/s     r/s     w/s   rsec/s   wsec/s avgrq-sz avgqu-sz   await  svctm  %util
cciss/c0d0        1.43     9.47    0.67    3.08    20.53   100.40    32.25     0.01    1.78   0.76   0.29
cciss/c0d1        0.00  1899.85  775.83 2129.40 12889.60 37787.47    17.44     3.37    1.16   0.34  97.42
dm-0              0.00     0.00    2.10   12.55    20.53   100.40     8.25     0.03    1.82   0.20   0.29
dm-1              0.00     0.00    0.00    0.00     0.00     0.00     0.00     0.00    0.00   0.00   0.00

Device:         rrqm/s   wrqm/s     r/s     w/s   rsec/s   wsec/s avgrq-sz avgqu-sz   await  svctm  %util
cciss/c0d0        0.00     9.63    0.02    2.93     0.13   100.53    34.12     0.00    0.76   0.15   0.04
cciss/c0d1      163.23  2014.00  746.00 2233.82 11207.73 39530.27    17.03     2.56    0.86   0.31  93.59
dm-0              0.00     0.00    0.02   12.57     0.13   100.53     8.00     0.02    1.29   0.03   0.04
dm-1              0.00     0.00    0.00    0.00     0.00     0.00     0.00     0.00    0.00   0.00   0.00

