procs -----------memory---------- ---swap-- -----io---- --system-- -----cpu-----
 r  b   swpd   free   buff  cache   si   so    bi    bo   in   cs us sy id wa st
 4  0      0 26239312   7380 497420    0    0    24    79    1    1  4  2 93  0  0	
 3 16      0 25290400  35368 515280    0    0 13800  5356 27879 16904  1  1 60 38  0	
 1  4      0 24259280  92660 547960    0    0 13891  4013 57886 42327  2  2 53 43  0	
 5 10      0 23407436 133308 631712    0    0 11831 10699 146761 114362  7  4 54 36  0	
13  7      0 22702744 139324 775368    0    0  9454 16645 258646 196018 13  6 59 22  0	
17  4      0 22185680 140280 957184    0    0  6454 18944 319626 233028 17  8 64 11  0	
19  1      0 21746752 185020 1139136    0    0  5603 19816 348997 252640 19  9 65  8  0	
