
database table cardinalities:
warehouses = 50
districts = 10
customers = 3000
items = 100000
orders = 3000
stock = 100000
new-orders = 900

transaction mix:
new-order mix 0.45
payment mix 0.43
order-status mix 0.04
delivery mix 0.04
stock-level mix 0.04

transaction thresholds:
new-order threshold 0.45
payment threshold 0.88
order-status threshold 0.92
delivery threshold 0.96
stock-level threshold 1.00

delivery keying time 0 s
new_order keying time 0 s
order-status keying time 0 s
payment keying time 0 s
stock-level keying time 0 s

delivery thinking time 0 ms
new_order thinking time 0 ms
order-status thinking time 0 ms
payment thinking time 0 ms
stock-level thinking time 0 ms

w_id range 1 to 50

10 terminals per warehouse

900 second steady state duration

driver is starting to ramp up at time 1316766270
driver will ramp up in  49 seconds
will stop test at time 1316767219
seed: 58684280
seed: 57694447
seed: 57905195
seed: 57870598
seed: 40742471
seed: 39863667
seed: 40229561
seed: 39883751
seed: 40831783
seed: 40870000
seed: 40253835
seed: 40284451
seed: 41494072
seed: 41787249
seed: 41424008
seed: 41233352
seed: 41451695
seed: 41695312
seed: 41660688
seed: 151291585
seed: 151592876
seed: 151901973
seed: 151931949
seed: 151430597
seed: 151468691
seed: 151974326
seed: 152004938
seed: 152509958
seed: 152344469
seed: 152055620
seed: 152945786
seed: 152124679
seed: 152220197
seed: 152177614
seed: 152281254
seed: 153327546
seed: 153227135
seed: 153265212
seed: 153173467
seed: 153989774
seed: 153103269
seed: 153387879
seed: 153557054
seed: 155144671
seed: 155109119
seed: 154615254
seed: 154579709
seed: 155077513
seed: 155034382
seed: 154736890
seed: 1896571005
seed: 1896610108
seed: 1896632026
seed: 1896409065
seed: 1896160436
seed: 1896403843
seed: 1896704861
seed: 1896448099
seed: 1897330977
seed: 1897295510
seed: 1897907824
seed: 1897881564
seed: 1896912110
seed: 1897139630
seed: 1896981868
seed: 1897691215
seed: 1897951530
seed: 1898243813
seed: 1898143657
seed: 1898174272
seed: 1898064948
seed: 1898087874
seed: 1898265929
seed: 1898033775
seed: 1899809754
seed: 1899044557
seed: 1899288555
seed: 1898990769
seed: 1899996162
seed: 1899970042
seed: 1899410060
seed: 2030688888
seed: 2030719800
seed: 2030758101
seed: 2030731751
seed: 2030744716
seed: 2030775414
seed: 2030798292
seed: 2030574263
seed: 2031374959
seed: 2031733512
seed: 2031968453
seed: 2032073131
seed: 2031546720
seed: 2031511240
seed: 2032016677
seed: 2032112366
seed: 2032593522
seed: 2032485158
seed: 2032269468
seed: 2032955462
seed: 2032175405
seed: 2032344738
seed: 2032358940
seed: 2032390088
seed: 2033410776
seed: 2033384339
seed: 2033349493
seed: 2033313841
seed: 2034041240
seed: 2033228110
seed: 2033462837
seed: 2110765044
seed: 2110533458
seed: 2110293116
seed: 2110053124
seed: 2110329087
seed: 2110622129
seed: 2110398805
seed: 2110437094
seed: 2111557544
seed: 2111547165
seed: 2111511751
seed: 2111346081
seed: 2111073601
seed: 2111307852
seed: 2111682828
seed: 2111385343
seed: 2112309162
seed: 2112347907
seed: 2112853244
seed: 2112752704
seed: 2112283926
seed: 2112191173
seed: 2111959988
seed: 2112726656
seed: 2112937565
seed: 2113165109
seed: 2113137871
seed: 2113111466
seed: 2113109353
seed: 2113073698
seed: 2113031040
seed: 2113004356
seed: 2098108462
seed: 2097598244
seed: 2097636511
seed: 2098199634
seed: 2098197812
seed: 2097703636
seed: 2097464253
seed: 2098813696
seed: 2099056890
seed: 2098891172
seed: 2098864484
seed: 2098885728
seed: 2098957601
seed: 2098979484
seed: 2098944583
seed: 2099565321
seed: 2099882138
seed: 2100035672
seed: 2099820814
seed: 2099719864
seed: 2099758708
seed: 2100272397
seed: 2100285996
seed: 2100710369
seed: 2100699865
seed: 2100411265
seed: 2101162876
seed: 2100340792
seed: 2100576704
seed: 2100549983
seed: 2100522547
seed: 2101593558
seed: 2101656219
seed: 2101424720
seed: 2102233879
seed: 2102272159
seed: 2101794896
seed: 2101825905
seed: 2103436853
seed: 2103213968
seed: 2102866612
seed: 2102700656
seed: 2102920146
seed: 2103286637
seed: 2103005222
seed: 2103101826
seed: 2104123714
seed: 2104227344
seed: 2104135247
seed: 2104059667
seed: 2104138256
seed: 2104038388
seed: 2104354992
seed: 2103984152
seed: 2104818163
seed: 2104979090
seed: 2105476630
seed: 2105450397
seed: 2104907619
seed: 2104872173
seed: 2105435035
seed: 2105408297
seed: 2088857820
seed: 2089085350
seed: 2088993028
seed: 2089555672
seed: 2088808381
seed: 2089109357
seed: 2088877093
seed: 2090743181
seed: 2089928880
seed: 2090229845
seed: 2090211592
seed: 2090831574
seed: 2090805153
seed: 2090385212
seed: 2090087667
seed: 2091494467
seed: 2091713845
seed: 2091555578
seed: 2091159944
seed: 2091583815
seed: 2091630129
seed: 2091530122
seed: 2091568315
seed: 2092246029
seed: 2092539190
seed: 2092700996
seed: 2092460598
seed: 2092417935
seed: 2092447405
seed: 2092936905
seed: 2092910476
seed: 2093408103
seed: 2093356079
seed: 2093059150
seed: 2093147451
seed: 2093185766
seed: 2093216382
seed: 2092985337
seed: 2094252360
seed: 2094028347
seed: 2094329748
seed: 2094073724
seed: 2094890193
seed: 2094986659
seed: 2094419320
seed: 2094523072
seed: 2096044640
seed: 2095879049
seed: 2095539901
seed: 2095382036
seed: 2095708150
seed: 2095869773
seed: 2095629349
seed: 2095799806
seed: 2096862558
seed: 2096761388
seed: 2096800660
seed: 2096708465
seed: 2096762402
seed: 2096752551
seed: 2096979746
seed: 2096682228
seed: 2080648319
seed: 2080867779
seed: 2081373516
seed: 2081338068
seed: 2080754608
seed: 2080482073
seed: 2081281580
seed: 2081574840
seed: 2081597220
seed: 2081635463
seed: 2081666144
seed: 2082221539
seed: 2081441088
seed: 2081806876
seed: 2081526667
seed: 2083326749
seed: 2082553560
seed: 2082911810
seed: 2082869213
seed: 2083497805
seed: 2083445971
seed: 2083083355
seed: 2082860302
seed: 2084143747
seed: 2084338277
seed: 2084107217
seed: 2083817201
seed: 2084249194
seed: 2084263906
seed: 2084228950
seed: 2084201668
seed: 2084961777
seed: 2085221723
seed: 2085448387
seed: 2085143451
seed: 2084854654
seed: 2085613091
seed: 2085373855
seed: 2085682950
seed: 2085975169
seed: 2085719140
seed: 2086528488
seed: 2085772669
seed: 2085802732
seed: 2085858229
seed: 2085815261
seed: 2086898685
