Linux 2.6.32-100.28.11.el6.x86_64 (caneland.se.oracle.com) 	09/23/2011 	_x86_64_	(24 CPU)

Device:            tps   Blk_read/s   Blk_wrtn/s   Blk_read   Blk_wrtn
cciss/c0d0        2.47       217.83        19.95  405696970   37155340
cciss/c0d1      113.50       948.90      3806.56 1767317075 7089670897
dm-0              2.18        18.76         9.99   34942090   18612552
dm-1              2.80       199.06         9.96  370744730   18542784

