Linux 2.6.32-100.28.11.el6.x86_64 (caneland.se.oracle.com) 	09/23/2011 	_x86_64_	(24 CPU)

Device:         rrqm/s   wrqm/s     r/s     w/s   rsec/s   wsec/s avgrq-sz avgqu-sz   await  svctm  %util
cciss/c0d0        0.58     1.93    1.90    0.56   217.83    19.95    96.42     0.02    8.47   1.34   0.33
cciss/c0d1        1.51   159.63   26.36   87.14   948.90  3806.56    41.90     0.51    4.48   0.21   2.38
dm-0              0.00     0.00    0.93    1.25    18.76     9.99    13.22     0.02    8.02   0.58   0.13
dm-1              0.00     0.00    1.56    1.24   199.06     9.96    74.63     0.19   66.60   0.73   0.20

