Testing server 'MySQL 5.0.85 enterprise/' at 2009-08-19 14:52:35

Testing the speed of inserting data into 1 table and do some selects on it.
The tests are done with a table that has 300000 rows.

Generating random keys
Creating tables
Inserting 100000 rows in order
Time for insert_in_order (100000): 6.256 wallclock secs ( 0.81 usr  1.12 sys +  0.00 cusr  0.00 csys =  1.93 CPU)

Inserting 100000 rows in reverse order
Time for insert_reverse_order (100000): 6.638 wallclock secs ( 0.84 usr  1.05 sys +  0.00 cusr  0.00 csys =  1.89 CPU)

Inserting 100000 rows in random order
Time for insert (100000): 7.356 wallclock secs ( 1.43 usr  1.38 sys +  0.00 cusr  0.00 csys =  2.81 CPU)


