*************************************
*** ###easy### TPC-C Data Loader  ***
*************************************
<Parameters>
     [server]: 127.0.0.1
     [port]: 3306
     [DBname]: tpccw2500
       [user]: root
       [pass]: 
  [warehouse]: 2500
  [part(1-4)]: 4
     [MIN WH]: 1001
     [MAX WH]: 1500
TPCC Data Load Started...
Loading Orders for D=1, W= 1001
.......... 1000
.......... 2000
.......... 3000
Orders Done.
Loading Orders for D=2, W= 1001
.......... 1000
.......... 2000
.......... 3000
Orders Done.
Loading Orders for D=3, W= 1001
.......... 1000
.......... 2000
.......... 3000
Orders Done.
Loading Orders for D=4, W= 1001
.......... 1000
.......... 2000
.......... 3000
Orders Done.
Loading Orders for D=5, W= 1001
.......... 1000
.......... 2000
.......... 3000
Orders Done.
Loading Orders for D=6, W= 1001
.......... 1000
.......... 2000
.......... 3000
Orders Done.
Loading Orders for D=7, W= 1001
.......... 1000
.......... 2000
.......... 3000
Orders Done.
Loading Orders for D=8, W= 1001
.......... 1000
.......... 2000
.......... 3000
Orders Done.
Loading Orders for D=9, W= 1001
.......... 1000
.......... 2000
.......... 3000
Orders Done.
Loading Orders for D=10, W= 1001
.......... 1000
.......... 2000
.......... 3000
Orders Done.
Loading Orders for D=1, W= 1002
.......... 1000
.......... 2000
.......... 3000
Orders Done.
Loading Orders for D=2, W= 1002
.......... 1000
.......... 2000
.......... 3000
Orders Done.
Loading Orders for D=3, W= 1002
.......... 1000
.......... 2000
.......... 3000
Orders Done.
Loading Orders for D=4, W= 1002
.......... 1000
.......... 2000
.......... 3000
Orders Done.
Loading Orders for D=5, W= 1002
.......... 1000
.......... 2000
.......... 3000
Orders Done.
Loading Orders for D=6, W= 1002
.......... 1000
.......... 2000
.......... 3000
Orders Done.
Loading Orders for D=7, W= 1002
.......... 1000
.......... 2000
.......... 3000
Orders Done.
Loading Orders for D=8, W= 1002
.......... 1000
.......... 2000
.......... 3000
Orders Done.
Loading Orders for D=9, W= 1002
.......... 1000
.......... 2000
.......... 3000
Orders Done.
Loading Orders for D=10, W= 1002
.......... 1000
.......... 2000
.......... 3000
Orders Done.
Loading Orders for D=1, W= 1003
.......... 1000
.......... 2000
.......... 3000
Orders Done.
Loading Orders for D=2, W= 1003
.......... 1000
.......... 2000
.......... 3000
Orders Done.
Loading Orders for D=3, W= 1003
.......... 1000
.......... 2000
.......... 3000
Orders Done.
Loading Orders for D=4, W= 1003
.......... 1000
.......... 2000
.......... 3000
Orders Done.
Loading Orders for D=5, W= 1003
.......... 1000
.......... 2000
.......... 3000
Orders Done.
Loading Orders for D=6, W= 1003
.......... 1000
.......... 2000
.......... 3000
Orders Done.
Loading Orders for D=7, W= 1003
.......... 1000
.......... 2000
.......... 3000
Orders Done.
Loading Orders for D=8, W= 1003
.......... 1000
.......... 2000
.......... 3000
Orders Done.
Loading Orders for D=9, W= 1003
.......... 1000
.......... 2000
.......... 3000
Orders Done.
Loading Orders for D=10, W= 1003
.......... 1000
.......... 2000
.......... 3000
Orders Done.
Loading Orders for D=1, W= 1004
.......... 1000
.......... 2000
.......... 3000
Orders Done.
Loading Orders for D=2, W= 1004
.......... 1000
.......... 2000
.......... 3000
Orders Done.
Loading Orders for D=3, W= 1004
.......... 1000
.......... 2000
.......... 3000
Orders Done.
Loading Orders for D=4, W= 1004
.......... 1000
.......... 2000
.......... 3000
Orders Done.
Loading Orders for D=5, W= 1004
.......... 1000
.......... 2000
.......... 3000
Orders Done.
Loading Orders for D=6, W= 1004
.......... 1000
.......... 2000
.......... 3000
Orders Done.
Loading Orders for D=7, W= 1004
.......... 1000
.......... 2000
.......... 3000
Orders Done.
Loading Orders for D=8, W= 1004
.......... 1000
.......... 2000
.......... 3000
Orders Done.
Loading Orders for D=9, W= 1004
.......... 1000
.......... 2000
.......... 3000
Orders Done.
Loading Orders for D=10, W= 1004
.......... 1000
.......... 2000
.......... 3000
Orders Done.
Loading Orders for D=1, W= 1005
.......... 1000
.......... 2000
.......... 3000
Orders Done.
Loading Orders for D=2, W= 1005
.......... 1000
.......... 2000
.......... 3000
Orders Done.
Loading Orders for D=3, W= 1005
.......... 1000
.......... 2000
.......... 3000
Orders Done.
Loading Orders for D=4, W= 1005
.......... 1000
.......... 2000
.......... 3000
Orders Done.
Loading Orders for D=5, W= 1005
.......... 1000
.......... 2000
.......... 3000
Orders Done.
Loading Orders for D=6, W= 1005
.......... 1000
.......... 2000
.......... 3000
Orders Done.
Loading Orders for D=7, W= 1005
.......... 1000
.......... 2000
.......... 3000
Orders Done.
Loading Orders for D=8, W= 1005
.......... 1000
.......... 2000
.......... 3000
Orders Done.
Loading Orders for D=9, W= 1005
.......... 1000
.......... 2000
.......... 3000
Orders Done.
Loading Orders for D=10, W= 1005
.......... 1000
.......... 2000
.......... 3000
Orders Done.
Loading Orders for D=1, W= 1006
.......... 1000
.......... 2000
.......... 3000
Orders Done.
Loading Orders for D=2, W= 1006
.......... 1000
.......... 2000
.......... 3000
Orders Done.
Loading Orders for D=3, W= 1006
.......... 1000
.......... 2000
.......... 3000
Orders Done.
Loading Orders for D=4, W= 1006
.