
database table cardinalities:
warehouses = 100
districts = 10
customers = 3000
items = 100000
orders = 3000
stock = 100000
new-orders = 900

transaction mix:
new-order mix 0.45
payment mix 0.43
order-status mix 0.04
delivery mix 0.04
stock-level mix 0.04

transaction thresholds:
new-order threshold 0.45
payment threshold 0.88
order-status threshold 0.92
delivery threshold 0.96
stock-level threshold 1.00

delivery keying time 0 s
new_order keying time 0 s
order-status keying time 0 s
payment keying time 0 s
stock-level keying time 0 s

delivery thinking time 0 ms
new_order thinking time 0 ms
order-status thinking time 0 ms
payment thinking time 0 ms
stock-level thinking time 0 ms

w_id range 1 to 100

10 terminals per warehouse

900 second steady state duration

driver is starting to ramp up at time 1309652413
driver will ramp up in  99 seconds
will stop test at time 1309653412
seed: 1880267574
seed: 1879945957
seed: 1879427045
seed: 1879420617
seed: 1879725444
seed: 1880022341
seed: 1879794711
seed: 1931013089
seed: 1931170467
seed: 1931467137
seed: 1931190651
seed: 1930905698
seed: 1931197791
seed: 1931420697
seed: 1931267064
seed: 1929663140
seed: 1929763447
seed: 1930248486
seed: 1930307822
seed: 1929556278
seed: 1929869548
seed: 1929637807
seed: 2041615528
seed: 2041584637
seed: 2042077984
seed: 2041776748
seed: 2042556828
seed: 2041739500
seed: 2041954319
seed: 2041927479
seed: 2041339489
seed: 2041365889
seed: 2040801956
seed: 2040836599
seed: 2041280803
seed: 2041569388
seed: 2041206675
seed: 2040979139
seed: 2040047091
seed: 2040024360
seed: 2040132666
seed: 2040101726
seed: 2040119363
seed: 2040092536
seed: 2040454855
seed: 2040153613
seed: 2038902109
seed: 2039198896
seed: 2039249925
seed: 2039276341
seed: 2038762080
seed: 2038796699
seed: 2039309969
seed: 1639071213
seed: 1639032068
seed: 1638992952
seed: 1638962026
seed: 1638931122
seed: 1639154175
seed: 1639393604
seed: 1639100528
seed: 1638844308
seed: 1638018177
seed: 1638306769
seed: 1638210306
seed: 1638785619
seed: 1638664565
seed: 1638183085
seed: 1638348821
seed: 1637502811
seed: 1637865072
seed: 1637572005
seed: 1637319325
seed: 1637575118
seed: 1637413116
seed: 1637365831
seed: 1637461887
seed: 1636423357
seed: 1636458005
seed: 1636754768
seed: 1636519064
seed: 1636283362
seed: 1636530393
seed: 1636810792
seed: 1773381506
seed: 1773620923
seed: 1773336066
seed: 1774091638
seed: 1773241495
seed: 1773218784
seed: 1773179673
seed: 1773148762
seed: 1772105554
seed: 1772140156
seed: 1772584379
seed: 1772348685
seed: 1773014125
seed: 1772262296
seed: 1772428009
seed: 1772454417
seed: 1771956600
seed: 1771925662
seed: 1771406727
seed: 1771400376
seed: 1771738125
seed: 1771969341
seed: 1771807313
seed: 1771506058
seed: 1770549496
seed: 1770584122
seed: 1770606455
seed: 1770641118
seed: 1770593245
seed: 1770619668
seed: 1770924613
seed: 1790263700
seed: 1790240991
seed: 1790730229
seed: 1790953317
seed: 1790127745
seed: 1790358976
seed: 1790115110
seed: 1790878228
seed: 1789053250
seed: 1788956827
seed: 1788995538
seed: 1788890940
seed: 1788917382
seed: 1789083089
seed: 1789363488
seed: 1789127783
seed: 1788842951
seed: 1788074239
seed: 1788305448
seed: 1788147556
seed: 1788624637
seed: 1788716565
seed: 1788153194
seed: 1788253355
seed: 1787436007
seed: 1787724565
seed: 1787505245
seed: 1787264826
seed: 1787528828
seed: 1787309474
seed: 1787335964
seed: 1787370582
seed: 1786405779
seed: 1786645173
seed: 1786622502
seed: 1786067321
seed: 1786036463
seed: 1786549754
seed: 1786518825
seed: 1784906817
seed: 1785195412
seed: 1784836814
seed: 1785608725
seed: 1784848735
seed: 1784760506
seed: 1784799192
seed: 1784702752
seed: 1783630932
seed: 1783722897
seed: 1784085229
seed: 1783775804
seed: 1784555878
seed: 1783877807
seed: 1784109069
seed: 1783951141
seed: 1783396024
seed: 1783447048
seed: 1782932221
seed: 1782958652
seed: 1783255409
seed: 1783519411
seed: 1783283753
seed: 1783068542
seed: 1782316749
seed: 1782547959
seed: 1782263134
seed: 1781961927
seed: 1782241744
seed: 1782456555
seed: 1782204451
seed: 1780875130
seed: 1780836027
seed: 1781272010
seed: 1781306624
seed: 1780685903
seed: 1780974503
seed: 1780640514
seed: 1781411878
seed: 1779599269
seed: 1779887851
seed: 1779471936
seed: 1779441038
seed: 1779541189
seed: 1779502082
seed: 1779889002
seed: 1779595960
seed: 1779417592
seed: 1778620141
seed: 1778851444
seed: 1778615727
seed: 1779182841
seed: 1779217486
seed: 1778744250
seed: 1778770674
seed: 1845119567
seed: 1845416354
seed: 1845025007
seed: 1845038604
seed: 1845015961
seed: 1844985119
seed: 1845216299
seed: 1843882856
seed: 1844105971
seed: 1844337159
seed: 1844257124
seed: 1843775654
seed: 1843691496
seed: 1844290801
seed: 1844202549
seed: 1842664345
seed: 1842830019
seed: 1842594367
seed: 1843374459
seed: 1842557092
seed: 1842382826
seed: 1842376553
seed: 1842452139
seed: 1841322958
seed: 1841423187
seed: 1841384088
seed: 1841443269
seed: 1842264326
seed: 1841496133
seed: 1841797020
seed: 1841569522
seed: 1841071625
seed: 1841114460
seed: 1840575043
seed: 1840953739
seed: 1841176813
seed: 1840875595
seed: 1840848804
seed: 1839785759
seed: 1839730299
seed: 1840231848
seed: 1839938784
seed: 1839612971
seed: 1839966569
seed: 1840124064
seed: 1839892476
seed: 1838509919
seed: 1838544576
seed: 1838956054
seed: 1838982490
seed: 1838337156
seed: 1838568398
seed: 1838406415
seed: 1839071290
seed: 1837365117
seed: 1837596344
seed: 1837155824
seed: 1837116750
seed: 1837192328
seed: 1837226954
seed: 1837523748
seed: 1837288083
seed: 1837052410
seed: 1836246764
seed: 1836535367
seed: 1836307840
seed: 1837096204
seed: 1836795007
seed: 1836510091
seed: 1835692791
seed: 1835645477
seed: 1835606424
seed: 1835567299
seed: 1835621871
seed: 1835541879
seed: 1835584674
seed: 1835758608
seed: 1834482504
seed: 1834615428
seed: 1834920438
seed: 1834815809
seed: 1834326218
seed: 1834344499
seed: 1834759427
seed: 1834876008
seed: 1833264039
seed: 1833339678
seed: 1833046650
seed: 1833933220
seed: 1833107712
seed: 1832937622
seed: 1832976347
seed: 1832994577
seed: 1831922694
seed: 1831932789
seed: 1831967399
seed: 1832002059
seed: 1832814962
seed: 1832186071
seed: 1832155150
seed: 1831587656
seed: 1831818883
seed: 1831558638
seed: 1831273184
seed: 1831512673
seed: 1831743906
seed: 1831434549
seed: 1831461053
seed: 1830307843
seed: 1830346622
seed: 1830758057
seed: 1830505958
seed: 1830286676
seed: 1830533772
seed: 1830797792
seed: 1830513022
seed: 1829032100
seed: 1829001244
seed: 1829613391
seed: 1829582524
seed: 1829076494
seed: 1829168500
seed: 1828883616
seed: 1829687798
seed: 1827887427
seed: 1828176058
seed: 1827678216
seed: 1827716976
seed: 1827735209
seed: 1827761708
seed: 1827804628
seed: 1827511583
seed: 1827480646
seed: 1826965939
seed: 1826926803
seed: 1827420268
seed: 1827639225
seed: 1827346226
seed: 1827118713
seed: 1826227607
seed: 1826532612
seed: 1826174030
seed: 1826225144
seed: 1826201792
seed: 1826097269
seed: 1826135995
seed: 1826285262
seed: 1824951836
seed: 1825191340
seed: 1825553706
seed: 1825260725
seed: 1824844744
seed: 1824805735
seed: 1825314923
seed: 1825402800
seed: 1823864631
seed: 1823850158
seed: 1823614408
seed: 1824443756
seed: 1823691866
seed: 1823988726
seed: 1823490829
seed: 1823419068
seed: 1822654341
seed: 1822869192
seed: 1822600782
seed: 1823364607
seed: 1823333738
seed: 1822778544
seed: 1822739517
seed: 1822208886
seed: 1822374555
seed: 1822130664
seed: 1821890264
seed: 1822154337
seed: 1822311846
seed: 1822092589
seed: 1821996105
seed: 1820867458
seed: 1820959541
seed: 1820920415
seed: 1821020671
seed: 1820727571
seed: 1821036104
seed: 1821275639
seed: 1821113622
seed: 1819772054
seed: 1819552825
seed: 1820103587
seed: 1820138183
seed: 1819664912
seed: 1819675062
seed: 1820196594
seed: 1820222981
seed: 1818299736
seed: 1818268901
seed: 1818237991
seed: 1819247429
seed: 1818454723
seed: 1818686074
seed: 1818376586
seed: 1818075349
seed: 1817351716
seed: 1817517393
seed: 1817552105
seed: 1817971728
seed: 1818031036
seed: 1817934554
seed: 1817690735
seed: 1816799652
seed: 1817137440
seed: 1816713310
seed: 1816604052
seed: 1816704270
seed: 1816689759
seed: 1816781782
seed: 1816742774
seed: 1815532215
seed: 1815796173
seed: 1816084749
seed: 1815865515
seed: 1815379934
seed: 1815856346
seed: 1815899235
seed: 1815925642
seed: 1814387507
seed: 1814176425
seed: 1814153708
seed: 1814131005
seed: 1814100033
seed: 1814040526
seed: 1814271860
seed: 1813011538
seed: 1813234578
seed: 1813490483
seed: 1813131946
seed: 1813969470
seed: 1813864770
seed: 1813350625
seed: 1813254234
seed: 1812768760
seed: 1812926335
seed: 1812280400
seed: 1812380615
seed: 1812595482
seed: 1812982457
seed: 1812664771
seed: 1812502895
seed: 1878532253
seed: 1878624280
seed: 1878654802
seed: 1878681291
seed: 1878625506
seed: 1878660188
seed: 1878957029
seed: 1878721306
seed: 1877453383
seed: 1877225956
seed: 1877965056
seed: 1877139631
seed: 1877366780
seed: 1877073672
seed: 1877894243
seed: 1876003721
seed: 1875981002
seed: 1875950197
seed: 1875952103
seed: 1876912489
seed: 1876152473
seed: 1876318236
seed: 1876078521
seed: 1875719874
seed: 1875033088
seed: 1875190603
seed: 1875135126
seed: 1875759575
seed: 1875728708
seed: 1875558544
seed: 1875261400
seed: 1874575208
seed: 1874790066
seed: 1874554326
seed: 1874318127
seed: 1874352761
seed: 1874387348
seed: 1874413879
seed: 1874440263
seed: 1873160173
seed: 1873448728
seed: 1873745596
seed: 1873059374
seed: 1873020263
seed: 1873570376
seed: 1873801689
seed: 1871919483
seed: 1872142474
seed: 1871841311
seed: 1871814564
seed: 1871832811
seed: 1871810076
seed: 1871721875
seed: 1871756604
seed: 1870692881
seed: 1870866872
seed: 1871155491
seed: 1870796880
seed: 1871671284
seed: 1871509286
seed: 1870970434
seed: 1870931402
seed: 1870515604
seed: 1870484675
seed: 1869945393
seed: 1870037328
seed: 1870325901
seed: 1870622780
seed: 1870383084
seed: 1870114627
seed: 1869108977
seed: 1869143565
seed: 1869178280
seed: 1869204713
seed: 1869246924
seed: 1869478270
seed: 1869431024
seed: 1867851796
seed: 1867833152
seed: 1868318437
seed: 1868557839
seed: 1867740576
seed: 1867922840
seed: 1867687170
seed: 1868483250
seed: 1866551761
seed: 1866553678
seed: 1866580225
seed: 1866492146
seed: 1866530760
seed: 1866631017
seed: 1866870511
seed: 1866700302
seed: 1866407325
seed: 1865622325
seed: 1865894563
seed: 1865740837
seed: 1866234301
seed: 1866268986
seed: 1865787470
seed: 1865818095
seed: 1865058153
seed: 1865379566
seed: 1865152065
seed: 1864858500
seed: 1865147233
seed: 1865386741
seed: 1865093661
seed: 1863752088
seed: 1863975290
seed: 1864231070
seed: 1864200318
seed: 1863632849
seed: 1863593792
seed: 1864111235
seed: 1864146032
seed: 1862476681
seed: 1862765317
seed: 1862431411
seed: 1863252419
seed: 1862353279
seed: 1862379837
seed: 1862390011
seed: 1862359052
seed: 1861332320
seed: 1861301393
