Linux 2.6.32-100.28.11.el6.x86_64 (caneland.mysql.com) 	07/03/11 	_x86_64_	(24 CPU)

Device:         rrqm/s   wrqm/s     r/s     w/s   rsec/s   wsec/s avgrq-sz avgqu-sz   await  svctm  %util
cciss/c0d0        0.09     1.41    0.55    1.36    62.75    22.16    44.49     0.00    1.99   1.49   0.28
cciss/c0d1        0.70    66.52    0.56   17.82    44.08   674.73    39.11     0.05    2.91   0.17   0.32
dm-0              0.00     0.00    0.63    2.77    62.73    22.16    25.00     0.02    5.10   0.84   0.29
dm-1              0.00     0.00    0.00    0.00     0.00     0.00     7.96     0.00    0.95   0.89   0.00

