                         Response Time (s)
 Transaction      %    Average :    90th %        Total        Rollbacks      %
------------  -----  ---------------------  -----------  ---------------  -----
    Delivery   0.92      0.194 :     0.230           68                0   0.00
   New Order  10.31      0.152 :     0.178          763                8   1.05
Order Status   1.16      0.120 :     0.143           86                0   0.00
     Payment   9.83      0.128 :     0.152          727                0   0.00
 Stock Level   0.82      0.131 :     0.173           61                0   0.00

3775.00 new-order transactions per minute (NOTPM)
0.2 minute duration
0 total unknown errors
10 second(s) ramping up

