Linux 2.6.32-100.28.11.el6.x86_64 (caneland.se.oracle.com) 	09/24/2011 	_x86_64_	(24 CPU)

Device:            tps   Blk_read/s   Blk_wrtn/s   Blk_read   Blk_wrtn
cciss/c0d0        2.85       260.35        20.99  519391948   41876420
cciss/c0d1      179.93      1188.81      5147.91 2371641835 10269965809
dm-0              2.39        18.75        11.70   37414074   23333632
dm-1              3.05       241.59         9.29  481967706   18542784

