Linux 2.6.32-100.28.11.el6.x86_64 (caneland.se.oracle.com) 	09/24/2011 	_x86_64_	(24 CPU)

Device:         rrqm/s   wrqm/s     r/s     w/s   rsec/s   wsec/s avgrq-sz avgqu-sz   await  svctm  %util
cciss/c0d0        0.58     2.01    2.24    0.61   260.35    20.99    98.80     0.02    7.46   1.30   0.37
cciss/c0d1        1.53   247.77   41.63  138.30  1188.81  5147.91    35.22     0.66    3.70   0.20   3.60
dm-0              0.00     0.00    0.93    1.46    18.75    11.70    12.72     0.02    7.23   0.54   0.13
dm-1              0.00     0.00    1.89    1.16   241.59     9.29    82.25     0.18   57.57   0.79   0.24

