Linux 2.6.32-100.28.11.el6.x86_64 (caneland.mysql.com) 	06/07/11 	_x86_64_	(24 CPU)

Device:         rrqm/s   wrqm/s     r/s     w/s   rsec/s   wsec/s avgrq-sz avgqu-sz   await  svctm  %util
cciss/c0d0        0.59    10.25    2.62    9.09   253.14   154.68    34.85     0.03    2.58   1.02   1.20
cciss/c0d1        0.84   129.90   59.50   33.59  2030.00  2085.59    44.21     0.53    5.70   0.27   2.53
dm-0              0.00     0.00    3.20   19.34   253.13   154.68    18.10     0.09    4.02   0.53   1.20
dm-1              0.00     0.00    0.00    0.00     0.00     0.00     7.97     0.00    2.53   1.32   0.00

