Linux 2.6.32-100.28.11.el6.x86_64 (caneland.mysql.com) 	06/07/11 	_x86_64_	(24 CPU)

Device:            tps   Blk_read/s   Blk_wrtn/s   Blk_read   Blk_wrtn
cciss/c0d0       11.70       253.14       154.68  561525848  343133538
cciss/c0d1       93.09      2030.00      2085.59 4503111726 4626427306
dm-0             22.54       253.13       154.68  561513722  343133464
dm-1              0.00         0.00         0.00       1474         48

