procs -----------memory---------- ---swap-- -----io---- --system-- -----cpu-----
 r  b   swpd   free   buff  cache   si   so    bi    bo   in   cs us sy id wa st
 3  0      0 22118480 1510852 5075392    0    0    47    47    0    1  6  4 90  0  0	
